layer at (0,0) size 800x600
  RenderView at (0,0) size 800x600
layer at (0,0) size 800x130
  RenderBlock {HTML} at (0,0) size 800x130
    RenderBody {BODY} at (8,8) size 784x114
      RenderBlock {DETAILS} at (0,0) size 784x114 [border: (1px solid #000000)]
        RenderBlock (anonymous) at (1,1) size 782x18
          RenderInline (generated) at (0,0) size 41x18
            RenderText at (0,0) size 41x18
              text run at (0,0) width 41: "before"
        RenderListItem {SUMMARY} at (1,19) size 782x58 [border: (1px solid #000000)]
          RenderBlock (anonymous) at (1,1) size 780x18
            RenderListMarker at (0,0) size 20x18: "\x{25BC}"
            RenderInline (generated) at (19,0) size 42x18
              RenderText at (19,0) size 42x18
                text run at (19,0) width 42: "before"
            RenderText {#text} at (60,0) size 63x18
              text run at (60,0) width 63: "Summary"
          RenderBlock {DIV} at (1,19) size 780x20 [border: (1px solid #000000)]
            RenderText {#text} at (1,1) size 62x18
              text run at (1,1) width 62: "Inner Div"
          RenderBlock (anonymous) at (1,39) size 780x18
            RenderInline (generated) at (0,0) size 30x18
              RenderText at (0,0) size 30x18
                text run at (0,0) width 30: "after"
        RenderBlock {SLOT} at (1,77) size 782x18
          RenderText {#text} at (0,0) size 46x18
            text run at (0,0) width 46: "Details"
        RenderBlock (anonymous) at (1,95) size 782x18
          RenderInline (generated) at (0,0) size 30x18
            RenderText at (0,0) size 30x18
              text run at (0,0) width 30: "after"
