layer at (0,0) size 800x600
  RenderView at (0,0) size 800x600
layer at (0,0) size 800x600
  RenderBlock {HTML} at (0,0) size 800x600
    RenderBody {BODY} at (8,8) size 784x584
      RenderButton {INPUT} at (0,0) size 61x20 [color=#FFFFFF] [bgcolor=#007AFF] [border: (1px solid #FFFFFF)]
        RenderBlock (anonymous) at (12,3) size 37x14
          RenderText at (0,0) size 37x14
            text run at (0,0) width 37: "Submit"
      RenderBR {BR} at (60,-1) size 1x19
      RenderButton {INPUT} at (0,20) size 54x20 [color=#007AFF] [bgcolor=#E9E9EA] [border: (1px solid #FFFFFF)]
        RenderBlock (anonymous) at (12,3) size 30x14
          RenderText at (0,0) size 30x14
            text run at (0,0) width 30: "Reset"
      RenderBR {BR} at (53,19) size 1x19
