layer at (0,0) size 800x600
  RenderView at (0,0) size 800x600
layer at (0,0) size 800x600
  RenderBlock {HTML} at (0,0) size 800x600
    RenderBody {BODY} at (8,8) size 784x584
      RenderTable {TABLE} at (0,0) size 153x54
        RenderTableSection {TBODY} at (0,0) size 153x54
          RenderTableRow {TR} at (0,2) size 153x50
            RenderTableCell {TD} at (2,2) size 149x50 [r=0 c=0 rs=1 cs=1]
              RenderBlock (anonymous) at (1,1) size 147x0
                RenderInline {SPAN} at (0,0) size 0x0
                  RenderText {#text} at (0,0) size 0x0
                  RenderInline {SPAN} at (0,0) size 0x0
                    RenderText {#text} at (0,0) size 0x0
                    RenderText {#text} at (0,0) size 0x0
              RenderBlock (anonymous) at (1,1) size 147x48
                RenderTable {TABLE} at (0,0) size 147x48
                  RenderTableSection {TBODY} at (0,0) size 147x48
                    RenderTableRow {TR} at (0,2) size 147x44
                      RenderTableCell {TD} at (2,2) size 143x44 [r=0 c=0 rs=1 cs=1]
                        RenderTable {TABLE} at (1,1) size 141x42
                          RenderTableSection {TBODY} at (0,0) size 141x42
                            RenderTableRow {TR} at (0,2) size 141x38
                              RenderTableCell {TD} at (2,2) size 137x38 [r=0 c=0 rs=1 cs=1]
                                RenderBlock {FORM} at (1,1) size 135x20
                                  RenderButton {INPUT} at (0,0) size 135x20 [color=#FFFFFF] [bgcolor=#007AFF] [border: (1px solid #FFFFFF)]
                                    RenderBlock (anonymous) at (12,3) size 111x14
                                      RenderText at (0,0) size 111x14
                                        text run at (0,0) width 111: "ApplyForThisPosition"
                                  RenderText {#text} at (0,0) size 0x0
              RenderBlock (anonymous) at (1,49) size 147x0
                RenderInline {SPAN} at (0,0) size 0x0
                  RenderInline {SPAN} at (0,0) size 0x0
                  RenderText {#text} at (0,0) size 0x0
                RenderText {#text} at (0,0) size 0x0
