layer at (0,0) size 800x600
  RenderView at (0,0) size 800x600
layer at (0,0) size 800x600
  RenderBlock {HTML} at (0,0) size 800x600
    RenderBody {BODY} at (0,0) size 800x600
      RenderBlock {DETAILS} at (0,0) size 800x20
        RenderListItem {SUMMARY} at (0,0) size 800x20
          RenderListMarker at (0,0) size 20x19: "\x{25BC}"
          RenderText {#text} at (19,0) size 47x19
            text run at (19,0) width 47: "Details"
        RenderBlock {SLOT} at (0,20) size 800x0
