layer at (0,0) size 800x600
  RenderView at (0,0) size 800x600
layer at (0,0) size 800x600
  RenderBlock {HTML} at (0,0) size 800x600
    RenderBody {BODY} at (8,8) size 784x584
      RenderBlock {DETAILS} at (0,0) size 784x42
        RenderListItem {SUMMARY} at (0,0) size 784x20
          RenderListMarker at (0,0) size 20x19: "\x{25BC}"
          RenderText {#text} at (19,0) size 61x19
            text run at (19,0) width 61: "summary"
        RenderBlock {SLOT} at (0,20) size 784x22
          RenderTextControl {INPUT} at (0,0) size 155x22 [bgcolor=#FFFFFF] [border: (1px solid #3C3C4399)]
          RenderText {#text} at (0,0) size 0x0
          RenderText {#text} at (0,0) size 0x0
layer at (15,31) size 141x14
  RenderBlock {DIV} at (6,3) size 143x15
