layer at (0,0) size 800x600
  RenderView at (0,0) size 800x600
layer at (0,0) size 800x600
  RenderBlock {HTML} at (0,0) size 800x600
    RenderBody {BODY} at (8,8) size 784x584
      RenderBlock {DETAILS} at (0,0) size 784x27
        RenderListItem {SUMMARY} at (0,0) size 784x27
          RenderListMarker at (0,5) size 25x19: "\x{25B6}"
          RenderText {#text} at (25,5) size 39x19
            text run at (25,5) width 39: "new 1"
