layer at (0,0) size 800x600
  RenderView at (0,0) size 800x600
layer at (0,0) size 800x600
  RenderBlock {HTML} at (0,0) size 800x600
    RenderBody {BODY} at (8,8) size 784x584
      RenderBlock {DETAILS} at (0,0) size 784x40
        RenderListItem {SUMMARY} at (0,0) size 784x20
          RenderListMarker at (0,0) size 20x19: "\x{25BC}"
          RenderText {#text} at (19,0) size 61x19
            text run at (19,0) width 61: "summary"
        RenderBlock {SLOT} at (0,20) size 784x20
          RenderText {#text} at (0,0) size 160x19
            text run at (0,0) width 160: "should have no bold test."
