layer at (0,0) size 800x600
  RenderView at (0,0) size 800x600
layer at (0,0) size 800x600
  RenderBlock {HTML} at (0,0) size 800x600
    RenderBody {BODY} at (0,0) size 800x600
      RenderBlock {DETAILS} at (0,0) size 800x27
        RenderListItem {SUMMARY} at (0,0) size 800x27
          RenderListMarker at (0,5) size 25x19: "\x{25B6}"
          RenderText {#text} at (25,5) size 60x19
            text run at (25,5) width 60: "summary"
