layer at (0,0) size 800x600
  RenderView at (0,0) size 800x600
layer at (0,0) size 800x600
  RenderBlock {HTML} at (0,0) size 800x600
    RenderBody {BODY} at (8,8) size 784x584
      RenderBlock {DETAILS} at (0,0) size 784x18
        RenderListItem {SUMMARY} at (0,0) size 784x18
          RenderListMarker at (0,0) size 19x18: "\x{25B6}"
          RenderText {#text} at (18,0) size 72x18
            text run at (18,0) width 72: "summary 2"
