layer at (0,0) size 800x600
  RenderView at (0,0) size 800x600
layer at (0,0) size 800x318
  RenderBlock {HTML} at (0,0) size 800x319
    RenderBody {BODY} at (8,8) size 784x303
      RenderBlock {DIV} at (0,0) size 784x28
        RenderBlock {DETAILS} at (0,0) size 784x28
          RenderListItem {SUMMARY} at (0,0) size 784x28
            RenderListMarker at (0,0) size 28x28: "\x{25B6}"
            RenderText {#text} at (27,0) size 94x28
              text run at (27,0) width 94: "Summary"
      RenderBlock {DIV} at (0,28) size 28x124
        RenderBlock {DETAILS} at (0,0) size 28x124
          RenderListItem {SUMMARY} at (0,0) size 28x124
            RenderListMarker at (0,0) size 28x30: "\x{25BC}"
            RenderText {#text} at (0,29) size 28x95
              text run at (0,29) width 94: "Summary"
      RenderBlock {DIV} at (0,151) size 784x29
        RenderBlock {DETAILS} at (0,0) size 784x28
          RenderListItem {SUMMARY} at (0,0) size 784x28
            RenderListMarker at (0,0) size 28x28: "\x{25B6}"
            RenderText {#text} at (27,0) size 94x28
              text run at (27,0) width 94: "Summary"
      RenderBlock {DIV} at (0,179) size 28x124
        RenderBlock {DETAILS} at (0,0) size 28x124
          RenderListItem {SUMMARY} at (0,0) size 28x124
            RenderListMarker at (0,0) size 28x30: "\x{25BC}"
            RenderText {#text} at (0,29) size 28x95
              text run at (0,29) width 94: "Summary"
