layer at (0,0) size 800x600
  RenderView at (0,0) size 800x600
layer at (0,0) size 800x600
  RenderBlock {HTML} at (0,0) size 800x600
    RenderBody {BODY} at (8,8) size 784x584
      RenderBlock {DETAILS} at (0,0) size 784x36
        RenderListItem {SUMMARY} at (0,0) size 784x18
          RenderListMarker at (0,0) size 20x18: "\x{25BC}"
          RenderText {#text} at (19,0) size 40x18
            text run at (19,0) width 40: "new 1"
        RenderBlock {SLOT} at (0,18) size 784x18
          RenderBlock {SUMMARY} at (0,0) size 784x18
            RenderText {#text} at (0,0) size 60x18
              text run at (0,0) width 60: "summary"
