layer at (0,0) size 800x600
  RenderView at (0,0) size 800x600
layer at (0,0) size 800x130
  RenderBlock {HTML} at (0,0) size 800x130
    RenderBody {BODY} at (8,8) size 784x114
      RenderBlock {DETAILS} at (0,0) size 784x114 [border: (1px solid #000000)]
        RenderBlock (anonymous) at (1,1) size 782x18
          RenderInline (generated) at (0,0) size 40x17
            RenderText at (0,0) size 40x17
              text run at (0,0) width 40: "before"
        RenderListItem {SUMMARY} at (1,19) size 782x58 [border: (1px solid #000000)]
          RenderBlock (anonymous) at (1,1) size 780x18
            RenderListMarker at (0,0) size 20x17: "\x{25BC}"
            RenderInline (generated) at (20,0) size 40x17
              RenderText at (20,0) size 40x17
                text run at (20,0) width 40: "before"
            RenderText {#text} at (60,0) size 61x17
              text run at (60,0) width 61: "Summary"
          RenderBlock {DIV} at (1,19) size 780x20 [border: (1px solid #000000)]
            RenderText {#text} at (1,1) size 61x17
              text run at (1,1) width 61: "Inner Div"
          RenderBlock (anonymous) at (1,39) size 780x18
            RenderInline (generated) at (0,0) size 28x17
              RenderText at (0,0) size 28x17
                text run at (0,0) width 28: "after"
        RenderBlock {SLOT} at (1,77) size 782x18
          RenderText {#text} at (0,0) size 44x17
            text run at (0,0) width 44: "Details"
        RenderBlock (anonymous) at (1,95) size 782x18
          RenderInline (generated) at (0,0) size 28x17
            RenderText at (0,0) size 28x17
              text run at (0,0) width 28: "after"
