layer at (0,0) size 800x600
  RenderView at (0,0) size 800x600
layer at (0,0) size 800x600
  RenderBlock {HTML} at (0,0) size 800x600
    RenderBody {BODY} at (8,8) size 784x584
      RenderBlock {DETAILS} at (0,0) size 784x18
        RenderListItem {SUMMARY} at (0,0) size 784x18
          RenderListMarker at (0,0) size 20x17: "\x{25BC}"
          RenderText {#text} at (20,0) size 70x17
            text run at (20,0) width 70: "summary 1"
        RenderBlock {SLOT} at (0,18) size 784x0
