layer at (0,0) size 800x600
  RenderView at (0,0) size 800x600
layer at (0,0) size 800x600
  RenderBlock {HTML} at (0,0) size 800x600
    RenderBody {BODY} at (8,8) size 784x584
      RenderBlock {DETAILS} at (0,0) size 784x19
        RenderListItem {SUMMARY} at (0,0) size 784x19
          RenderListMarker at (0,1) size 16x17: "\x{25B6}"
          RenderText {#text} at (16,1) size 70x17
            text run at (16,1) width 70: "summary 1"
