layer at (0,0) size 800x600
  RenderView at (0,0) size 800x600
layer at (0,0) size 800x600
  RenderBlock {HTML} at (0,0) size 800x600
    RenderBody {BODY} at (0,0) size 800x600
      RenderBlock {DETAILS} at (0,0) size 800x19
        RenderListItem {SUMMARY} at (0,0) size 800x19
          RenderListMarker at (0,1) size 16x17: "\x{25B6}"
          RenderText {#text} at (16,1) size 44x17
            text run at (16,1) width 44: "Details"
caret: position 0 of child 0 {#text} of child 0 {SUMMARY} of child 0 {SLOT} of {#document-fragment} of child 1 {DETAILS} of body
